
> portfolio@0.1.0 build
> next build

   Γû▓ Next.js 15.5.4
   - Environments: .env.local

   Creating an optimized production build ...
 Γ£ô Compiled successfully in 10.2s
   Linting and checking validity of types ...
node.exe : 
At line:1 char:1
+ & "C:\Program Files\nodejs/node.exe" 
"C:\Users\zahoor\AppData\Roaming ...
+ ~~~~~~~~~~~~~~~~~~~~~~~~~~~~~~~~~~~~~~~~~~~~~~~~~~~
~~~~~~~~~~~~~~~~~~
    + CategoryInfo          : NotSpecified: (:String 
   ) [], RemoteException
    + FullyQualifiedErrorId : NativeCommandError
 
Failed to compile.

./src/components/animated-hamburger-icon.tsx
10:7  Error: 'lineVariants' is assigned a value but 
never used.  @typescript-eslint/no-unused-vars

./src/components/home/featured-projects.tsx
4:16  Error: 'CardContent' is defined but never 
used.  @typescript-eslint/no-unused-vars

./src/components/home/hero.tsx
12:10  Error: 'cn' is defined but never used.  
@typescript-eslint/no-unused-vars
16:8  Error: 'CoolBeansButton' is defined but never 
used.  @typescript-eslint/no-unused-vars

./src/components/layout/header.tsx
24:8  Error: 'AnimatedHamburgerIcon' is defined but 
never used.  @typescript-eslint/no-unused-vars
25:8  Error: 'DimensionPortalToggle' is defined but 
never used.  @typescript-eslint/no-unused-vars
221:10  Error: 'DesktopSearchUI' is defined but 
never used.  @typescript-eslint/no-unused-vars
323:10  Error: 'isScrolled' is assigned a value but 
never used.  @typescript-eslint/no-unused-vars
421:49  Error: Unexpected any. Specify a different 
type.  @typescript-eslint/no-explicit-any

./src/components/layout/navbar-search.tsx
80:38  Error: Unexpected any. Specify a different 
type.  @typescript-eslint/no-explicit-any
106:5  Error: 'inputRef' is defined but never used.  
@typescript-eslint/no-unused-vars
111:11  Error: 'router' is assigned a value but 
never used.  @typescript-eslint/no-unused-vars

./src/components/layout/navbar.tsx
102:53  Error: Unexpected any. Specify a different 
type.  @typescript-eslint/no-explicit-any
203:36  Error: 'idx' is defined but never used.  
@typescript-eslint/no-unused-vars
204:47  Error: Unexpected any. Specify a different 
type.  @typescript-eslint/no-explicit-any

./src/components/legacy/legacy-project-card.tsx
4:70  Error: 'CardTitle' is defined but never used.  
@typescript-eslint/no-unused-vars
7:10  Error: 'cn' is defined but never used.  
@typescript-eslint/no-unused-vars

./src/components/projects/projects-grid.tsx
4:16  Error: 'CardContent' is defined but never 
used.  @typescript-eslint/no-unused-vars

./src/components/skills/skills-tools.tsx
87:9  Error: 'categories' is assigned a value but 
never used.  @typescript-eslint/no-unused-vars

info  - Need to disable some ESLint rules? Learn 
more here: https://nextjs.org/docs/app/api-reference/
config/eslint#disabling-rules
